// Jest Snapshot v1, https://goo.gl/fbAQLP

exports[`getValidCred Saga should call the getValidCredError action if the response errors 1`] = `
Object {
  "@@redux-saga/IO": true,
  "combinator": false,
  "payload": Object {
    "args": Array [
      "https://68830be8-b6fb-4192-957d-e020f745ca90.mock.pstmn.io/getValidCred",
    ],
    "context": null,
    "fn": [Function],
  },
  "type": "CALL",
}
`;

exports[`getValidCred Saga should dispatch the getValidCredSuccess action if the response is received successfully 1`] = `
Object {
  "@@redux-saga/IO": true,
  "combinator": false,
  "payload": Object {
    "args": Array [
      "https://68830be8-b6fb-4192-957d-e020f745ca90.mock.pstmn.io/getValidCred",
    ],
    "context": null,
    "fn": [Function],
  },
  "type": "CALL",
}
`;
